<html>
<body>
<pre>
<h1>礦ision Build Log</h1>
<h2>Tool Versions:</h2>
IDE-Version: μVision V5.28.0.0
Copyright (C) 2019 ARM Ltd and ARM Germany GmbH. All rights reserved.
License Information: Li cathy, xiaohei, LIC=NHY45-GBNVL-RDJK3-AEXJ3-Q06QW-FNN25
 
Tool Versions:
Toolchain:       MDK-ARM Professional  Version: 5.28.0.0
Toolchain Path:  D:\keil_v5\ARM\ARMCC\Bin
C Compiler:      Armcc.exe V5.06 update 6 (build 750)
Assembler:       Armasm.exe V5.06 update 6 (build 750)
Linker/Locator:  ArmLink.exe V5.06 update 6 (build 750)
Library Manager: ArmAr.exe V5.06 update 6 (build 750)
Hex Converter:   FromElf.exe V5.06 update 6 (build 750)
CPU DLL:         SARMCM3.DLL V5.28.0.0
Dialog DLL:      DCM.DLL V1.17.3.0
Target DLL:      UL2CM3.DLL V1.162.16.0
Dialog DLL:      TCM.DLL V1.36.2.0
 
<h2>Project:</h2>
E:\桌面文件\myselfstm32\mini板\路径\mini-电机定位整合\USER\KEY.uvprojx
Project File Date:  09/02/2019

<h2>Output:</h2>
*** Using Compiler 'V5.06 update 6 (build 750)', folder: 'D:\keil_v5\ARM\ARMCC\Bin'
Build target 'KEY'
compiling main.c...
main.c(25): warning:  #177-D: variable "state"  was declared but never referenced
  		u8 state[5]={0};
main.c(26): warning:  #177-D: variable "switch_state"  was declared but never referenced
  		u8 switch_state;
main.c(27): warning:  #177-D: variable "clear_flag"  was declared but never referenced
  		u8 clear_flag=0;
main.c(18): warning:  #177-D: variable "laser_distance"  was declared but never referenced
  static float laser_distance;
main.c: 4 warnings, 0 errors
compiling move_base.c...
linking...
Program Size: Code=58374 RO-data=7074 RW-data=240 ZI-data=2584  
FromELF: creating hex file...
"..\OBJ\KEY.axf" - 0 Error(s), 4 Warning(s).

<h2>Software Packages used:</h2>

Package Vendor: Keil
                http://www.keil.com/pack/Keil.STM32F1xx_DFP.2.3.0.pack
                Keil.STM32F1xx_DFP.2.3.0
                STMicroelectronics STM32F1 Series Device Support, Drivers and Examples

<h2>Collection of Component include folders:</h2>
  .\RTE\_KEY
  D:\keil_v5pack\Keil\STM32F1xx_DFP\2.3.0\Device\Include

<h2>Collection of Component Files used:</h2>
Build Time Elapsed:  00:00:06
</pre>
</body>
</html>
